../Core/Src/main.c:32:6:HAL_TIM_PeriodElapsedCallback	16	static
../Core/Src/main.c:40:6:HAL_UART_RxCpltCallback	16	static
../Core/Src/main.c:48:5:main	8	static
../Core/Src/main.c:73:6:UState_Machine	8	static
../Core/Src/main.c:105:6:CState_Machine	4	static
../Core/Src/main.c:133:6:SystemClock_Config	88	static
../Core/Src/main.c:169:13:MX_TIM1_Init	32	static
../Core/Src/main.c:200:13:MX_USART1_UART_Init	8	static
../Core/Src/main.c:218:13:MX_USART2_UART_Init	8	static
../Core/Src/main.c:234:13:MX_USART3_UART_Init	8	static
../Core/Src/main.c:251:13:MX_GPIO_Init	48	static
../Core/Src/main.c:274:6:Error_Handler	4	static,ignoring_inline_asm
